[1784.navercorp.com/index.html]
[backblue.gif]
[fade.gif]
[index.html]
[1784.navercorp.com/assets/img/data/1784.png]
[1784.navercorp.com/assets/img/data/favicon.ico]
[1784.navercorp.com/assets/img/data/favicon_32.png]
[1784.navercorp.com/assets/css/libs.min.css]
[1784.navercorp.com/assets/css/naver_1784.min.css]
[1784.navercorp.com/assets/js/libs.min.js]
[1784.navercorp.com/assets/js/naver_1784.min.js]
[wcs.naver.net/wcslog.js]
[1784.navercorp.com/en/index.html]
[1784.navercorp.com/ja/index.html]
[1784.navercorp.com/assets/img/contact/pc-img-contact.jpg]
[1784.navercorp.com/assets/img/logo-naver.png]
[1784.navercorp.com/index.html]
[1784.navercorp.com/assets/css/libs.min.css]
[1784.navercorp.com/assets/fonts/NaverBD-Light.eot]
[1784.navercorp.com/assets/fonts/NaverBD-Lightd41d.eot]
[1784.navercorp.com/assets/fonts/NaverBD-Light.woff2]
[1784.navercorp.com/assets/fonts/NaverBD-Light.woff]
[1784.navercorp.com/assets/fonts/NaverBD-Light.ttf]
[1784.navercorp.com/assets/fonts/NaverBD-Regular.eot]
[1784.navercorp.com/assets/fonts/NaverBD-Regulard41d.eot]
[1784.navercorp.com/assets/fonts/NaverBD-Regular.woff2]
[1784.navercorp.com/assets/fonts/NaverBD-Regular.woff]
[1784.navercorp.com/assets/fonts/NaverBD-Regular.ttf]
[1784.navercorp.com/assets/fonts/NaverBD-Bold.eot]
[1784.navercorp.com/assets/fonts/NaverBD-Boldd41d.eot]
[1784.navercorp.com/assets/fonts/NaverBD-Bold.woff2]
[1784.navercorp.com/assets/fonts/NaverBD-Bold.woff]
[1784.navercorp.com/assets/fonts/NaverBD-Bold.ttf]
[1784.navercorp.com/assets/fonts/NaverBD-ExtraBold.eot]
[1784.navercorp.com/assets/fonts/NaverBD-ExtraBoldd41d.eot]
[1784.navercorp.com/assets/fonts/NaverBD-ExtraBold.woff2]
[1784.navercorp.com/assets/fonts/NaverBD-ExtraBold.woff]
[1784.navercorp.com/assets/fonts/NaverBD-ExtraBold.ttf]
[1784.navercorp.com/assets/fonts/NaverBD-Heavy.eot]
[1784.navercorp.com/assets/fonts/NaverBD-Heavyd41d.eot]
[1784.navercorp.com/assets/fonts/NaverBD-Heavy.woff2]
[1784.navercorp.com/assets/fonts/NaverBD-Heavy.woff]
[1784.navercorp.com/assets/fonts/NaverBD-Heavy.ttf]
[1784.navercorp.com/assets/fonts/Testbed-Light.eot]
[1784.navercorp.com/assets/fonts/Testbed-Lightd41d.eot]
[1784.navercorp.com/assets/fonts/Testbed-Light.woff2]
[1784.navercorp.com/assets/fonts/Testbed-Light.woff]
[1784.navercorp.com/assets/fonts/Testbed-Regular.eot]
[1784.navercorp.com/assets/fonts/Testbed-Regulard41d.eot]
[1784.navercorp.com/assets/fonts/Testbed-Regular.woff2]
[1784.navercorp.com/assets/fonts/Testbed-Regular.woff]
[1784.navercorp.com/assets/fonts/Testbed-Bold.eot]
[1784.navercorp.com/assets/fonts/Testbed-Boldd41d.eot]
[1784.navercorp.com/assets/fonts/Testbed-Bold.woff2]
[1784.navercorp.com/assets/fonts/Testbed-Bold.woff]
[1784.navercorp.com/assets/fonts/Testbed-ExtraBold.eot]
[1784.navercorp.com/assets/fonts/Testbed-ExtraBoldd41d.eot]
[1784.navercorp.com/assets/fonts/Testbed-ExtraBold.woff2]
[1784.navercorp.com/assets/fonts/Testbed-ExtraBold.woff]
[1784.navercorp.com/assets/fonts/Testbed-Heavy.eot]
[1784.navercorp.com/assets/fonts/Testbed-Heavyd41d.eot]
[1784.navercorp.com/assets/fonts/Testbed-Heavy.woff2]
[1784.navercorp.com/assets/fonts/Testbed-Heavy.woff]
[1784.navercorp.com/assets/fonts/TestbedALT-Light.eot]
[1784.navercorp.com/assets/fonts/TestbedALT-Lightd41d.eot]
[1784.navercorp.com/assets/fonts/TestbedALT-Light.woff2]
[1784.navercorp.com/assets/fonts/TestbedALT-Light.woff]
[1784.navercorp.com/assets/fonts/TestbedALT-Regular.eot]
[1784.navercorp.com/assets/fonts/TestbedALT-Regulard41d.eot]
[1784.navercorp.com/assets/fonts/TestbedALT-Regular.woff2]
[1784.navercorp.com/assets/fonts/TestbedALT-Regular.woff]
[1784.navercorp.com/assets/fonts/TestbedALT-Bold.eot]
[1784.navercorp.com/assets/fonts/TestbedALT-Boldd41d.eot]
[1784.navercorp.com/assets/fonts/TestbedALT-Bold.woff2]
[1784.navercorp.com/assets/fonts/TestbedALT-Bold.woff]
[1784.navercorp.com/assets/fonts/TestbedALT-ExtraBold.eot]
[1784.navercorp.com/assets/fonts/TestbedALT-ExtraBoldd41d.eot]
[1784.navercorp.com/assets/fonts/TestbedALT-ExtraBold.woff2]
[1784.navercorp.com/assets/fonts/TestbedALT-ExtraBold.woff]
[1784.navercorp.com/assets/fonts/TestbedALT-Heavy.eot]
[1784.navercorp.com/assets/fonts/TestbedALT-Heavyd41d.eot]
[1784.navercorp.com/assets/fonts/TestbedALT-Heavy.woff2]
[1784.navercorp.com/assets/fonts/TestbedALT-Heavy.woff]
[1784.navercorp.com/assets/fonts/NotoSansJP-Thin.eot]
[1784.navercorp.com/assets/fonts/NotoSansJP-Thind41d.eot]
[1784.navercorp.com/assets/fonts/NotoSansJP-Thin.woff2]
[1784.navercorp.com/assets/fonts/NotoSansJP-Thin.woff]
[1784.navercorp.com/assets/fonts/NotoSansJP-Light.eot]
[1784.navercorp.com/assets/fonts/NotoSansJP-Lightd41d.eot]
[1784.navercorp.com/assets/fonts/NotoSansJP-Light.woff2]
[1784.navercorp.com/assets/fonts/NotoSansJP-Light.woff]
[1784.navercorp.com/assets/fonts/NotoSansJP-regular.eot]
[1784.navercorp.com/assets/fonts/NotoSansJP-regulard41d.eot]
[1784.navercorp.com/assets/fonts/NotoSansJP-regular.woff2]
[1784.navercorp.com/assets/fonts/NotoSansJP-regular.woff]
[1784.navercorp.com/assets/fonts/NotoSansJP-Medium.eot]
[1784.navercorp.com/assets/fonts/NotoSansJP-Mediumd41d.eot]
[1784.navercorp.com/assets/fonts/NotoSansJP-Medium.woff2]
[1784.navercorp.com/assets/fonts/NotoSansJP-Medium.woff]
[1784.navercorp.com/assets/fonts/NotoSansJP-Bold.eot]
[1784.navercorp.com/assets/fonts/NotoSansJP-Boldd41d.eot]
[1784.navercorp.com/assets/fonts/NotoSansJP-Bold.woff2]
[1784.navercorp.com/assets/fonts/NotoSansJP-Bold.woff]
[1784.navercorp.com/assets/fonts/NotoSansJP-Black.eot]
[1784.navercorp.com/assets/fonts/NotoSansJP-Blackd41d.eot]
[1784.navercorp.com/assets/fonts/NotoSansJP-Black.woff2]
[1784.navercorp.com/assets/fonts/NotoSansJP-Black.woff]
[1784.navercorp.com/assets/img/icon-play.png]
[1784.navercorp.com/assets/img/contact/img-contact.jpg]
[1784.navercorp.com/assets/img/tech/tech-detail-1-1-m.jpg]
[1784.navercorp.com/assets/img/tech/tech-detail-1-2-m.jpg]
[1784.navercorp.com/assets/img/tech/tech-detail-1-3-m.jpg]
[1784.navercorp.com/assets/img/tech/tech-detail-2-1-m.jpg]
[1784.navercorp.com/assets/img/tech/tech-detail-2-2-m.jpg]
[1784.navercorp.com/assets/img/tech/tech-detail-2-3-m.jpg]
[1784.navercorp.com/assets/img/tech/tech-detail-2-4-m.jpg]
[1784.navercorp.com/assets/css/naver_1784.min.css]
[1784.navercorp.com/en/index.html]
[1784.navercorp.com/ja/index.html]
[1784.navercorp.com/assets/img/coach-scroll.svg]
[1784.navercorp.com/assets/img/naver.svg]
[1784.navercorp.com/assets/img/icon-prev-on.svg]
[1784.navercorp.com/assets/img/icon-next-on.svg]
[1784.navercorp.com/assets/fonts/NotoSansJP-regular.html]
[1784.navercorp.com/assets/fonts/NotoSansJP-regulard41d.html]
[1784.navercorp.com/assets/fonts/NotoSansJP-regular-2.html]
[1784.navercorp.com/assets/fonts/NotoSansJP-regular-3.html]
[1784.navercorp.com/assets/img/btn-more.svg]
[1784.navercorp.com/assets/img/btn-anchor.svg]
[1784.navercorp.com/assets/img/icon-pause.svg]
[1784.navercorp.com/assets/img/icon-close.svg]
[1784.navercorp.com/assets/img/icon-arrow-slide.svg]
[1784.navercorp.com/assets/img/icon-arrow-black.svg]
[1784.navercorp.com/assets/img/icon-arrow-white.svg]
[1784.navercorp.com/assets/img/icon-arrow-black-pc.svg]
[1784.navercorp.com/assets/img/icon-arrow-white-pc.svg]
[1784.navercorp.com/assets/img/horizontal-link-arrow.svg]
